// Jest Snapshot v1, https://goo.gl/fbAQLP

exports[`Root App Should match snapshot 1`] = `
<div>
  <div
    data-testid="mock-routes"
  />
</div>
`;
